testdata/gamma/subgamma/start_other.log
testdata/gamma/subgamma/start_file.txt
